Archive member included to satisfy reference by file (symbol)

d:/nxp/s32ds_arm_v2.2/s32ds/build_tools/gcc_v6.3/gcc-6.3-arm32-eabi/bin/../lib/gcc/arm-none-eabi/6.3.1/thumb/v6-m\libgcc.a(_udivsi3.o)
                              ./SDK/platform/devices/S32K116/startup/system_S32K116.o (__aeabi_uidiv)
d:/nxp/s32ds_arm_v2.2/s32ds/build_tools/gcc_v6.3/gcc-6.3-arm32-eabi/bin/../lib/gcc/arm-none-eabi/6.3.1/thumb/v6-m\libgcc.a(_dvmd_tls.o)
                              d:/nxp/s32ds_arm_v2.2/s32ds/build_tools/gcc_v6.3/gcc-6.3-arm32-eabi/bin/../lib/gcc/arm-none-eabi/6.3.1/thumb/v6-m\libgcc.a(_udivsi3.o) (__aeabi_idiv0)
D:/NXP/S32DS_ARM_v2.2/S32DS/build_tools/gcc_v6.3/gcc-6.3-arm32-eabi/arm-none-eabi/newlib/lib/thumb/v6-m\libc_nano.a(lib_a-exit.o)
                              D:/NXP/S32DS_ARM_v2.2/S32DS/build_tools/gcc_v6.3/gcc-6.3-arm32-eabi/arm-none-eabi/newlib/lib/thumb/v6-m/crt0.o (exit)
D:/NXP/S32DS_ARM_v2.2/S32DS/build_tools/gcc_v6.3/gcc-6.3-arm32-eabi/arm-none-eabi/newlib/lib/thumb/v6-m\libc_nano.a(lib_a-impure.o)
                              D:/NXP/S32DS_ARM_v2.2/S32DS/build_tools/gcc_v6.3/gcc-6.3-arm32-eabi/arm-none-eabi/newlib/lib/thumb/v6-m\libc_nano.a(lib_a-exit.o) (_global_impure_ptr)
D:/NXP/S32DS_ARM_v2.2/S32DS/build_tools/gcc_v6.3/gcc-6.3-arm32-eabi/arm-none-eabi/newlib/lib/thumb/v6-m\libc_nano.a(lib_a-init.o)
                              D:/NXP/S32DS_ARM_v2.2/S32DS/build_tools/gcc_v6.3/gcc-6.3-arm32-eabi/arm-none-eabi/newlib/lib/thumb/v6-m/crt0.o (__libc_init_array)
D:/NXP/S32DS_ARM_v2.2/S32DS/build_tools/gcc_v6.3/gcc-6.3-arm32-eabi/arm-none-eabi/newlib/lib/thumb/v6-m\libc_nano.a(lib_a-memset.o)
                              D:/NXP/S32DS_ARM_v2.2/S32DS/build_tools/gcc_v6.3/gcc-6.3-arm32-eabi/arm-none-eabi/newlib/lib/thumb/v6-m/crt0.o (memset)
D:/NXP/S32DS_ARM_v2.2/S32DS/build_tools/gcc_v6.3/gcc-6.3-arm32-eabi/arm-none-eabi/newlib/lib/thumb/v6-m\libnosys.a(_exit.o)
                              D:/NXP/S32DS_ARM_v2.2/S32DS/build_tools/gcc_v6.3/gcc-6.3-arm32-eabi/arm-none-eabi/newlib/lib/thumb/v6-m\libc_nano.a(lib_a-exit.o) (_exit)

Allocating common symbols
Common symbol       size              file

g_xtal0ClkFreq      0x4               ./SDK/platform/drivers/src/clock/S32K1xx/clock_S32K1xx.o
canCom1_State       0x114             ./Generated_Code/canCom1.o
csec1_State         0x40              ./Generated_Code/csec1.o
g_RtcClkInFreq      0x4               ./SDK/platform/drivers/src/clock/S32K1xx/clock_S32K1xx.o
g_TClkFreq          0xc               ./SDK/platform/drivers/src/clock/S32K1xx/clock_S32K1xx.o
dmaController1_State
                    0x10              ./Generated_Code/dmaController1.o
dmaController1Chn0_State
                    0x10              ./Generated_Code/dmaController1.o

Discarded input sections

 .text          0x00000000        0x0 d:/nxp/s32ds_arm_v2.2/s32ds/build_tools/gcc_v6.3/gcc-6.3-arm32-eabi/bin/../lib/gcc/arm-none-eabi/6.3.1/thumb/v6-m/crti.o
 .data          0x00000000        0x0 d:/nxp/s32ds_arm_v2.2/s32ds/build_tools/gcc_v6.3/gcc-6.3-arm32-eabi/bin/../lib/gcc/arm-none-eabi/6.3.1/thumb/v6-m/crti.o
 .bss           0x00000000        0x0 d:/nxp/s32ds_arm_v2.2/s32ds/build_tools/gcc_v6.3/gcc-6.3-arm32-eabi/bin/../lib/gcc/arm-none-eabi/6.3.1/thumb/v6-m/crti.o
 .text          0x00000000       0xb4 d:/nxp/s32ds_arm_v2.2/s32ds/build_tools/gcc_v6.3/gcc-6.3-arm32-eabi/bin/../lib/gcc/arm-none-eabi/6.3.1/thumb/v6-m/crtbegin.o
 .data          0x00000000        0x4 d:/nxp/s32ds_arm_v2.2/s32ds/build_tools/gcc_v6.3/gcc-6.3-arm32-eabi/bin/../lib/gcc/arm-none-eabi/6.3.1/thumb/v6-m/crtbegin.o
 .bss           0x00000000       0x1c d:/nxp/s32ds_arm_v2.2/s32ds/build_tools/gcc_v6.3/gcc-6.3-arm32-eabi/bin/../lib/gcc/arm-none-eabi/6.3.1/thumb/v6-m/crtbegin.o
 .init_array    0x00000000        0x4 d:/nxp/s32ds_arm_v2.2/s32ds/build_tools/gcc_v6.3/gcc-6.3-arm32-eabi/bin/../lib/gcc/arm-none-eabi/6.3.1/thumb/v6-m/crtbegin.o
 .fini_array    0x00000000        0x4 d:/nxp/s32ds_arm_v2.2/s32ds/build_tools/gcc_v6.3/gcc-6.3-arm32-eabi/bin/../lib/gcc/arm-none-eabi/6.3.1/thumb/v6-m/crtbegin.o
 .eh_frame      0x00000000        0x0 d:/nxp/s32ds_arm_v2.2/s32ds/build_tools/gcc_v6.3/gcc-6.3-arm32-eabi/bin/../lib/gcc/arm-none-eabi/6.3.1/thumb/v6-m/crtbegin.o
 .jcr           0x00000000        0x0 d:/nxp/s32ds_arm_v2.2/s32ds/build_tools/gcc_v6.3/gcc-6.3-arm32-eabi/bin/../lib/gcc/arm-none-eabi/6.3.1/thumb/v6-m/crtbegin.o
 .tm_clone_table
                0x00000000        0x0 d:/nxp/s32ds_arm_v2.2/s32ds/build_tools/gcc_v6.3/gcc-6.3-arm32-eabi/bin/../lib/gcc/arm-none-eabi/6.3.1/thumb/v6-m/crtbegin.o
 .comment       0x00000000       0xa1 d:/nxp/s32ds_arm_v2.2/s32ds/build_tools/gcc_v6.3/gcc-6.3-arm32-eabi/bin/../lib/gcc/arm-none-eabi/6.3.1/thumb/v6-m/crtbegin.o
 .ARM.attributes
                0x00000000       0x2c d:/nxp/s32ds_arm_v2.2/s32ds/build_tools/gcc_v6.3/gcc-6.3-arm32-eabi/bin/../lib/gcc/arm-none-eabi/6.3.1/thumb/v6-m/crtbegin.o
[...]
Memory Configuration

Name             Origin             Length             Attributes
m_interrupts     0x00000000         0x000000c0         xr
m_flash_config   0x00000400         0x00000010         xr
m_text           0x00000410         0x0001fbf0         xr
m_custom         0x1ffffc00         0x00000400         rw
m_data           0x20000000         0x000020c0         rw
m_data_2         0x200020c0         0x00001740         rw
*default*        0x00000000         0xffffffff

Linker script and memory map

LOAD d:/nxp/s32ds_arm_v2.2/s32ds/build_tools/gcc_v6.3/gcc-6.3-arm32-eabi/bin/../lib/gcc/arm-none-eabi/6.3.1/thumb/v6-m/crti.o
LOAD d:/nxp/s32ds_arm_v2.2/s32ds/build_tools/gcc_v6.3/gcc-6.3-arm32-eabi/bin/../lib/gcc/arm-none-eabi/6.3.1/thumb/v6-m/crtbegin.o
LOAD D:/NXP/S32DS_ARM_v2.2/S32DS/build_tools/gcc_v6.3/gcc-6.3-arm32-eabi/arm-none-eabi/newlib/lib/thumb/v6-m/crt0.o
LOAD ./Generated_Code/Cpu.o
LOAD ./Generated_Code/canCom1.o
LOAD ./Generated_Code/clockMan1.o
LOAD ./Generated_Code/csec1.o
LOAD ./Generated_Code/dmaController1.o
LOAD ./Generated_Code/pin_mux.o
LOAD ./Project_Settings/Startup_Code/startup_S32K116.o
LOAD ./SDK/platform/devices/S32K116/startup/system_S32K116.o
LOAD ./SDK/platform/devices/startup.o
LOAD ./SDK/platform/drivers/src/clock/S32K1xx/clock_S32K1xx.o
LOAD ./SDK/platform/drivers/src/csec/csec_driver.o
LOAD ./SDK/platform/drivers/src/csec/csec_hw_access.o
LOAD ./SDK/platform/drivers/src/edma/edma_driver.o
LOAD ./SDK/platform/drivers/src/edma/edma_hw_access.o
LOAD ./SDK/platform/drivers/src/edma/edma_irq.o
LOAD ./SDK/platform/drivers/src/flexcan/flexcan_driver.o
LOAD ./SDK/platform/drivers/src/flexcan/flexcan_hw_access.o
LOAD ./SDK/platform/drivers/src/flexcan/flexcan_irq.o
LOAD ./SDK/platform/drivers/src/interrupt/interrupt_manager.o
LOAD ./SDK/platform/drivers/src/pins/pins_driver.o
LOAD ./SDK/platform/drivers/src/pins/pins_port_hw_access.o
LOAD ./SDK/rtos/osif/osif_baremetal.o
LOAD ./Sources/main.o
START GROUP
LOAD d:/nxp/s32ds_arm_v2.2/s32ds/build_tools/gcc_v6.3/gcc-6.3-arm32-eabi/bin/../lib/gcc/arm-none-eabi/6.3.1/thumb/v6-m\libgcc.a
LOAD D:/NXP/S32DS_ARM_v2.2/S32DS/build_tools/gcc_v6.3/gcc-6.3-arm32-eabi/arm-none-eabi/newlib/lib/thumb/v6-m\libc_nano.a
END GROUP
START GROUP
LOAD d:/nxp/s32ds_arm_v2.2/s32ds/build_tools/gcc_v6.3/gcc-6.3-arm32-eabi/bin/../lib/gcc/arm-none-eabi/6.3.1/thumb/v6-m\libgcc.a
LOAD D:/NXP/S32DS_ARM_v2.2/S32DS/build_tools/gcc_v6.3/gcc-6.3-arm32-eabi/arm-none-eabi/newlib/lib/thumb/v6-m\libc_nano.a
LOAD D:/NXP/S32DS_ARM_v2.2/S32DS/build_tools/gcc_v6.3/gcc-6.3-arm32-eabi/arm-none-eabi/newlib/lib/thumb/v6-m\libnosys.a
END GROUP
START GROUP
LOAD d:/nxp/s32ds_arm_v2.2/s32ds/build_tools/gcc_v6.3/gcc-6.3-arm32-eabi/bin/../lib/gcc/arm-none-eabi/6.3.1/thumb/v6-m\libgcc.a
LOAD D:/NXP/S32DS_ARM_v2.2/S32DS/build_tools/gcc_v6.3/gcc-6.3-arm32-eabi/arm-none-eabi/newlib/lib/thumb/v6-m\libc_nano.a
LOAD D:/NXP/S32DS_ARM_v2.2/S32DS/build_tools/gcc_v6.3/gcc-6.3-arm32-eabi/arm-none-eabi/newlib/lib/thumb/v6-m\libnosys.a
END GROUP
LOAD d:/nxp/s32ds_arm_v2.2/s32ds/build_tools/gcc_v6.3/gcc-6.3-arm32-eabi/bin/../lib/gcc/arm-none-eabi/6.3.1/thumb/v6-m/crtend.o
LOAD d:/nxp/s32ds_arm_v2.2/s32ds/build_tools/gcc_v6.3/gcc-6.3-arm32-eabi/bin/../lib/gcc/arm-none-eabi/6.3.1/thumb/v6-m/crtn.o
                0x00000200                HEAP_SIZE = DEFINED (__heap_size__)?__heap_size__:0x200
                0x00000200                STACK_SIZE = DEFINED (__stack_size__)?__stack_size__:0x200
                0x000000c0                M_VECTOR_RAM_SIZE = DEFINED (__flash_vector_table__)?0x0:0xc0

.interrupts     0x00000000       0xc0
                0x00000000                __VECTOR_TABLE = .
                0x00000000                __interrupts_start__ = .
                0x00000000                . = ALIGN (0x4)
 *(.isr_vector)
 .isr_vector    0x00000000       0xc0 ./Project_Settings/Startup_Code/startup_S32K116.o
                0x00000000                __isr_vector
                0x000000c0                __interrupts_end__ = .
                0x000000c0                . = ALIGN (0x4)

.flash_config   0x00000400       0x10
                0x00000400                . = ALIGN (0x4)
 *(.FlashConfig)
 .FlashConfig   0x00000400       0x10 ./Project_Settings/Startup_Code/startup_S32K116.o
                0x00000410                . = ALIGN (0x4)

.text           0x00000410     0x3770
                0x00000410                . = ALIGN (0x4)
 *(.text)
 .text          0x00000410       0x60 ./Project_Settings/Startup_Code/startup_S32K116.o
                0x00000410                Reset_Handler
                0x0000046c                ERM_fault_IRQHandler
                0x0000046c                PendSV_Handler
                0x0000046c                NMI_Handler
                0x0000046c                LPIT0_IRQHandler
                0x0000046c                ADC0_IRQHandler
                0x0000046c                FTM0_Ovf_Reload_IRQHandler
                0x0000046c                FTM1_Ch0_7_IRQHandler
                0x0000046c                DefaultISR
                0x0000046c                SCG_CMU_LVD_LVWSCG_IRQHandler
                0x0000046c                FTM0_Ch0_7_IRQHandler
                0x0000046c                RTC_IRQHandler
                0x0000046c                PDB0_IRQHandler
                0x0000046c                HardFault_Handler
                0x0000046c                Reserved27_IRQHandler
                0x0000046c                LPUART1_RxTx_IRQHandler
                0x0000046c                RTC_Seconds_IRQHandler
                0x0000046c                LPSPI0_IRQHandler
                0x0000046c                FTM0_Fault_IRQHandler
                0x0000046c                SVC_Handler
                0x0000046c                RCM_IRQHandler
                0x0000046c                FTM1_Fault_IRQHandler
                0x0000046c                LPI2C0_Master_Slave_IRQHandler
                0x0000046c                LPUART0_RxTx_IRQHandler
                0x0000046c                WDOG_IRQHandler
                0x0000046c                LPTMR0_IRQHandler
                0x0000046c                FTM1_Ovf_Reload_IRQHandler
                0x0000046c                CMP0_IRQHandler
                0x0000046c                PORT_IRQHandler
                0x0000046c                FLEXIO_IRQHandler
 .text          0x00000470      0x114 d:/nxp/s32ds_arm_v2.2/s32ds/build_tools/gcc_v6.3/gcc-6.3-arm32-eabi/bin/../lib/gcc/arm-none-eabi/6.3.1/thumb/v6-m\libgcc.a(_udivsi3.o)
                0x00000470                __aeabi_uidiv
                0x00000470                __udivsi3
                0x0000057c                __aeabi_uidivmod
 .text          0x00000584        0x4 d:/nxp/s32ds_arm_v2.2/s32ds/build_tools/gcc_v6.3/gcc-6.3-arm32-eabi/bin/../lib/gcc/arm-none-eabi/6.3.1/thumb/v6-m\libgcc.a(_dvmd_tls.o)
                0x00000584                __aeabi_idiv0
                0x00000584                __aeabi_ldiv0
 *(.text*)
 .text.SystemInit
                0x00000588       0x24 ./SDK/platform/devices/S32K116/startup/system_S32K116.o
                0x00000588                SystemInit
 .text.init_data_bss
                0x000005ac       0xdc ./SDK/platform/devices/startup.o
                0x000005ac                init_data_bss
 .text.CLOCK_SYS_GetCurrentRunMode
                0x00000688       0x28 ./SDK/platform/drivers/src/clock/S32K1xx/clock_S32K1xx.o
 .text.CLOCK_SYS_GetSysOscFreq
                0x000006b0       0x1c ./SDK/platform/drivers/src/clock/S32K1xx/clock_S32K1xx.o
 .text.CLOCK_SYS_ConfigureSOSC
                0x000006cc      0x128 ./SDK/platform/drivers/src/clock/S32K1xx/clock_S32K1xx.o
 .text.CLOCK_SYS_GetSircFreq
                0x000007f4       0x28 ./SDK/platform/drivers/src/clock/S32K1xx/clock_S32K1xx.o
 .text.CLOCK_SYS_ConfigureSIRC
                0x0000081c       0xc4 ./SDK/platform/drivers/src/clock/S32K1xx/clock_S32K1xx.o
 .text.CLOCK_SYS_GetFircFreq
                0x000008e0       0x24 ./SDK/platform/drivers/src/clock/S32K1xx/clock_S32K1xx.o
 .text.CLOCK_SYS_ConfigureFIRC
                0x00000904       0xb4 ./SDK/platform/drivers/src/clock/S32K1xx/clock_S32K1xx.o
 .text.CLOCK_SYS_SetSystemClockConfig
                0x000009b8      0x140 ./SDK/platform/drivers/src/clock/S32K1xx/clock_S32K1xx.o
 .text.CLOCK_SYS_TransitionSystemClock
                0x00000af8       0x54 ./SDK/platform/drivers/src/clock/S32K1xx/clock_S32K1xx.o
 .text.CLOCK_SYS_GetSystemClockFreq
                0x00000b4c       0x80 ./SDK/platform/drivers/src/clock/S32K1xx/clock_S32K1xx.o
 .text.CLOCK_SYS_GetScgClkOutFreq
                0x00000bcc       0x3c ./SDK/platform/drivers/src/clock/S32K1xx/clock_S32K1xx.o
 .text.CLOCK_SYS_GetSysAsyncFreq
                0x00000c08       0xac ./SDK/platform/drivers/src/clock/S32K1xx/clock_S32K1xx.o
 .text.CLOCK_SYS_GetSimRtcClkFreq
                0x00000cb4       0x50 ./SDK/platform/drivers/src/clock/S32K1xx/clock_S32K1xx.o
 .text.CLOCK_SYS_GetPeripheralClock
                0x00000d04       0x68 ./SDK/platform/drivers/src/clock/S32K1xx/clock_S32K1xx.o
 .text.CLOCK_SYS_GetLpoFreq
                0x00000d6c       0x54 ./SDK/platform/drivers/src/clock/S32K1xx/clock_S32K1xx.o
 .text.CLOCK_SYS_GetSimClkOutFreq
                0x00000dc0       0x80 ./SDK/platform/drivers/src/clock/S32K1xx/clock_S32K1xx.o
 .text.CLOCK_DRV_Init
                0x00000e40      0x530 ./SDK/platform/drivers/src/clock/S32K1xx/clock_S32K1xx.o
                0x00000e40                CLOCK_DRV_Init
 .text.CLOCK_DRV_GetFreq
                0x00001370      0x2f8 ./SDK/platform/drivers/src/clock/S32K1xx/clock_S32K1xx.o
                0x00001370                CLOCK_DRV_GetFreq
 .text.CLOCK_SYS_Init
                0x00001668       0x28 ./SDK/platform/drivers/src/clock/S32K1xx/clock_S32K1xx.o
                0x00001668                CLOCK_SYS_Init
 .text.CLOCK_SYS_UpdateConfiguration
                0x00001690      0x100 ./SDK/platform/drivers/src/clock/S32K1xx/clock_S32K1xx.o
                0x00001690                CLOCK_SYS_UpdateConfiguration
 .text.CLOCK_SYS_GetFreq
                0x00001790        0x8 ./SDK/platform/drivers/src/clock/S32K1xx/clock_S32K1xx.o
                0x00001790                CLOCK_SYS_GetFreq
 .text.CSEC_DRV_InitState
                0x00001798       0x28 ./SDK/platform/drivers/src/csec/csec_driver.o
 .text.CSEC_DRV_StartEncDecECBCmd
                0x000017c0       0x50 ./SDK/platform/drivers/src/csec/csec_driver.o
 .text.CSEC_DRV_StartEncDecCBCCmd
                0x00001810       0x88 ./SDK/platform/drivers/src/csec/csec_driver.o
 .text.CSEC_DRV_StartGenMACCmd
                0x00001898       0x50 ./SDK/platform/drivers/src/csec/csec_driver.o
 .text.CSEC_DRV_StartVerifMACCmd
                0x000018e8       0x8c ./SDK/platform/drivers/src/csec/csec_driver.o
 .text.CSEC_DRV_ContinueGenMACCmd
                0x00001974       0xe4 ./SDK/platform/drivers/src/csec/csec_driver.o
 .text.CSEC_DRV_ContinueEncDecECBCmd
                0x00001a58       0xdc ./SDK/platform/drivers/src/csec/csec_driver.o
 .text.CSEC_DRV_ContinueVerifMACCmd
                0x00001b34       0xe8 ./SDK/platform/drivers/src/csec/csec_driver.o
 .text.CSEC_DRV_ContinueEncDecCBCCmd
                0x00001c1c      0x100 ./SDK/platform/drivers/src/csec/csec_driver.o
 .text.CSEC_DRV_Init
                0x00001d1c       0x24 ./SDK/platform/drivers/src/csec/csec_driver.o
                0x00001d1c                CSEC_DRV_Init
 .text.FTFC_IRQHandler
                0x00001d40       0x70 ./SDK/platform/drivers/src/csec/csec_driver.o
                0x00001d40                FTFC_IRQHandler
 .text.CSEC_DRV_CancelCommand
                0x00001db0       0x68 ./SDK/platform/drivers/src/csec/csec_driver.o
                0x00001db0                CSEC_DRV_CancelCommand
 .text.CSEC_DRV_EncryptECB
                0x00001e18       0x90 ./SDK/platform/drivers/src/csec/csec_driver.o
                0x00001e18                CSEC_DRV_EncryptECB
 .text.CSEC_WriteCommandHalfWord
                0x00001ea8       0x28 ./SDK/platform/drivers/src/csec/csec_hw_access.o
                0x00001ea8                CSEC_WriteCommandHalfWord
 .text.CSEC_WriteCommandByte
                0x00001ed0       0x50 ./SDK/platform/drivers/src/csec/csec_hw_access.o
                0x00001ed0                CSEC_WriteCommandByte
 .text.CSEC_WriteCommandBytes
                0x00001f20       0x78 ./SDK/platform/drivers/src/csec/csec_hw_access.o
                0x00001f20                CSEC_WriteCommandBytes
 .text.CSEC_WriteCommandWords
                0x00001f98       0x30 ./SDK/platform/drivers/src/csec/csec_hw_access.o
                0x00001f98                CSEC_WriteCommandWords
 .text.CSEC_ReadCommandByte
                0x00001fc8       0x58 ./SDK/platform/drivers/src/csec/csec_hw_access.o
                0x00001fc8                CSEC_ReadCommandByte
 .text.CSEC_ReadCommandBytes
                0x00002020       0x70 ./SDK/platform/drivers/src/csec/csec_hw_access.o
                0x00002020                CSEC_ReadCommandBytes
 .text.EDMA_DRV_ClearIntStatus
                0x00002090       0x24 ./SDK/platform/drivers/src/edma/edma_driver.o
 .text.EDMA_DRV_IRQHandler
                0x000020b4       0x28 ./SDK/platform/drivers/src/edma/edma_driver.o
                0x000020b4                EDMA_DRV_IRQHandler
 .text.EDMA_DRV_ErrorIRQHandler
                0x000020dc       0x44 ./SDK/platform/drivers/src/edma/edma_driver.o
                0x000020dc                EDMA_DRV_ErrorIRQHandler
 .text.EDMA_DRV_StopChannel
                0x00002120       0x44 ./SDK/platform/drivers/src/edma/edma_driver.o
                0x00002120                EDMA_DRV_StopChannel
 .text.EDMA_DRV_GetDmaRegBaseAddr
                0x00002164       0x10 ./SDK/platform/drivers/src/edma/edma_driver.o
                0x00002164                EDMA_DRV_GetDmaRegBaseAddr
 .text.EDMA_SetDmaRequestCmd
                0x00002174        0xc ./SDK/platform/drivers/src/edma/edma_hw_access.o
                0x00002174                EDMA_SetDmaRequestCmd
 .text.DMA0_IRQHandler
                0x00002180        0xa ./SDK/platform/drivers/src/edma/edma_irq.o
                0x00002180                DMA0_IRQHandler
 .text.DMA1_IRQHandler
                0x0000218a        0xa ./SDK/platform/drivers/src/edma/edma_irq.o
                0x0000218a                DMA1_IRQHandler
 .text.DMA2_IRQHandler
                0x00002194        0xa ./SDK/platform/drivers/src/edma/edma_irq.o
                0x00002194                DMA2_IRQHandler
 .text.DMA3_IRQHandler
                0x0000219e        0xa ./SDK/platform/drivers/src/edma/edma_irq.o
                0x0000219e                DMA3_IRQHandler
 .text.DMA_Error_IRQHandler
                0x000021a8       0x28 ./SDK/platform/drivers/src/edma/edma_irq.o
                0x000021a8                DMA_Error_IRQHandler
 .text.FLEXCAN_SetTimeSegments
                0x000021d0       0x50 ./SDK/platform/drivers/src/flexcan/flexcan_driver.o
 .text.FLEXCAN_SetExtendedTimeSegments
                0x00002220       0x50 ./SDK/platform/drivers/src/flexcan/flexcan_driver.o
 .text.FLEXCAN_SetFDTimeSegments
                0x00002270       0x5c ./SDK/platform/drivers/src/flexcan/flexcan_driver.o
 .text.FLEXCAN_StartSendData
                0x000022cc       0xb0 ./SDK/platform/drivers/src/flexcan/flexcan_driver.o
 .text.FLEXCAN_CompleteRxMessageFifoData
                0x0000237c       0xc0 ./SDK/platform/drivers/src/flexcan/flexcan_driver.o
 .text.FLEXCAN_CompleteTransfer
                0x0000243c       0x3c ./SDK/platform/drivers/src/flexcan/flexcan_driver.o
 .text.FLEXCAN_DRV_Init
                0x00002478      0x260 ./SDK/platform/drivers/src/flexcan/flexcan_driver.o
                0x00002478                FLEXCAN_DRV_Init
 .text.FLEXCAN_DRV_ConfigTxMb
                0x000026d8       0x44 ./SDK/platform/drivers/src/flexcan/flexcan_driver.o
                0x000026d8                FLEXCAN_DRV_ConfigTxMb
 .text.FLEXCAN_DRV_Send
                0x0000271c       0x3c ./SDK/platform/drivers/src/flexcan/flexcan_driver.o
                0x0000271c                FLEXCAN_DRV_Send
 .text.FLEXCAN_DRV_ConfigRxMb
                0x00002758       0x68 ./SDK/platform/drivers/src/flexcan/flexcan_driver.o
                0x00002758                FLEXCAN_DRV_ConfigRxMb
 .text.FLEXCAN_Error_IRQHandler
                0x000027c0       0x30 ./SDK/platform/drivers/src/flexcan/flexcan_driver.o
                0x000027c0                FLEXCAN_Error_IRQHandler
 .text.FLEXCAN_WakeUpHandler
                0x000027f0       0x80 ./SDK/platform/drivers/src/flexcan/flexcan_driver.o
                0x000027f0                FLEXCAN_WakeUpHandler
 .text.FLEXCAN_IRQHandler
                0x00002870      0x1c4 ./SDK/platform/drivers/src/flexcan/flexcan_driver.o
                0x00002870                FLEXCAN_IRQHandler
 .text.FLEXCAN_ComputePayloadSize
                0x00002a34       0x3c ./SDK/platform/drivers/src/flexcan/flexcan_hw_access.o
 .text.FLEXCAN_GetMaxMbNum
                0x00002a70       0x14 ./SDK/platform/drivers/src/flexcan/flexcan_hw_access.o
                0x00002a70                FLEXCAN_GetMaxMbNum
 .text.FLEXCAN_Enable
                0x00002a84       0x34 ./SDK/platform/drivers/src/flexcan/flexcan_hw_access.o
                0x00002a84                FLEXCAN_Enable
 .text.FLEXCAN_Disable
                0x00002ab8       0x1c ./SDK/platform/drivers/src/flexcan/flexcan_hw_access.o
                0x00002ab8                FLEXCAN_Disable
 .text.FLEXCAN_Init
                0x00002ad4       0x70 ./SDK/platform/drivers/src/flexcan/flexcan_hw_access.o
                0x00002ad4                FLEXCAN_Init
 .text.FLEXCAN_EnableRxFifo
                0x00002b44       0x68 ./SDK/platform/drivers/src/flexcan/flexcan_hw_access.o
                0x00002b44                FLEXCAN_EnableRxFifo
 .text.FLEXCAN_SetMsgBuffIntCmd
                0x00002bac       0x3a ./SDK/platform/drivers/src/flexcan/flexcan_hw_access.o
                0x00002bac                FLEXCAN_SetMsgBuffIntCmd
 *fill*         0x00002be6        0x2 
 .text.FLEXCAN_ExitFreezeMode
                0x00002be8       0x24 ./SDK/platform/drivers/src/flexcan/flexcan_hw_access.o
                0x00002be8                FLEXCAN_ExitFreezeMode
 .text.FLEXCAN_EnterFreezeMode
                0x00002c0c       0x4c ./SDK/platform/drivers/src/flexcan/flexcan_hw_access.o
                0x00002c0c                FLEXCAN_EnterFreezeMode
 .text.FLEXCAN_ClearErrIntStatusFlag
                0x00002c58       0x10 ./SDK/platform/drivers/src/flexcan/flexcan_hw_access.o
                0x00002c58                FLEXCAN_ClearErrIntStatusFlag
 .text.FLEXCAN_ReadRxFifo
                0x00002c68       0xa0 ./SDK/platform/drivers/src/flexcan/flexcan_hw_access.o
                0x00002c68                FLEXCAN_ReadRxFifo
 .text.FLEXCAN_SetOperationMode
                0x00002d08       0x70 ./SDK/platform/drivers/src/flexcan/flexcan_hw_access.o
                0x00002d08                FLEXCAN_SetOperationMode
 .text.FLEXCAN_SetPayloadSize
                0x00002d78       0x34 ./SDK/platform/drivers/src/flexcan/flexcan_hw_access.o
                0x00002d78                FLEXCAN_SetPayloadSize
 .text.FLEXCAN_GetPayloadSize
                0x00002dac       0x1c ./SDK/platform/drivers/src/flexcan/flexcan_hw_access.o
                0x00002dac                FLEXCAN_GetPayloadSize
 .text.FLEXCAN_GetMsgBuffRegion
                0x00002dc8       0x3c ./SDK/platform/drivers/src/flexcan/flexcan_hw_access.o
                0x00002dc8                FLEXCAN_GetMsgBuffRegion
 .text.FLEXCAN_SetRxMsgBuff
                0x00002e04       0xdc ./SDK/platform/drivers/src/flexcan/flexcan_hw_access.o
                0x00002e04                FLEXCAN_SetRxMsgBuff
 .text.FLEXCAN_GetMsgBuff
                0x00002ee0      0x108 ./SDK/platform/drivers/src/flexcan/flexcan_hw_access.o
                0x00002ee0                FLEXCAN_GetMsgBuff
 .text.FLEXCAN_LockRxMsgBuff
                0x00002fe8        0xa ./SDK/platform/drivers/src/flexcan/flexcan_hw_access.o
                0x00002fe8                FLEXCAN_LockRxMsgBuff
 *fill*         0x00002ff2        0x2 
 .text.FLEXCAN_SetTxMsgBuff
                0x00002ff4      0x218 ./SDK/platform/drivers/src/flexcan/flexcan_hw_access.o
                0x00002ff4                FLEXCAN_SetTxMsgBuff
 .text.FLEXCAN_SetMaxMsgBuffNum
                0x0000320c       0xaa ./SDK/platform/drivers/src/flexcan/flexcan_hw_access.o
                0x0000320c                FLEXCAN_SetMaxMsgBuffNum
 .text.CAN0_ORed_Err_Wakeup_IRQHandler
                0x000032b6        0xa ./SDK/platform/drivers/src/flexcan/flexcan_irq.o
                0x000032b6                CAN0_ORed_Err_Wakeup_IRQHandler
 .text.CAN0_ORed_0_31_MB_IRQHandler
                0x000032c0        0xa ./SDK/platform/drivers/src/flexcan/flexcan_irq.o
                0x000032c0                CAN0_ORed_0_31_MB_IRQHandler
 *fill*         0x000032ca        0x2 
 .text.INT_SYS_InstallHandler
                0x000032cc       0x78 ./SDK/platform/drivers/src/interrupt/interrupt_manager.o
                0x000032cc                INT_SYS_InstallHandler
 .text.INT_SYS_EnableIRQ
                0x00003344       0x34 ./SDK/platform/drivers/src/interrupt/interrupt_manager.o
                0x00003344                INT_SYS_EnableIRQ
 .text.INT_SYS_EnableIRQGlobal
                0x00003378       0x1c ./SDK/platform/drivers/src/interrupt/interrupt_manager.o
                0x00003378                INT_SYS_EnableIRQGlobal
 .text.INT_SYS_DisableIRQGlobal
                0x00003394       0x10 ./SDK/platform/drivers/src/interrupt/interrupt_manager.o
                0x00003394                INT_SYS_DisableIRQGlobal
 .text.PINS_DRV_Init
                0x000033a4       0x1c ./SDK/platform/drivers/src/pins/pins_driver.o
                0x000033a4                PINS_DRV_Init
 .text.PINS_DRV_SetPinIntSel
                0x000033c0       0x34 ./SDK/platform/drivers/src/pins/pins_driver.o
                0x000033c0                PINS_DRV_SetPinIntSel
 .text.PINS_DRV_ClearPinIntFlagCmd
                0x000033f4       0x2c ./SDK/platform/drivers/src/pins/pins_driver.o
                0x000033f4                PINS_DRV_ClearPinIntFlagCmd
 .text.PINS_DRV_GetPortIntFlag
                0x00003420        0x6 ./SDK/platform/drivers/src/pins/pins_driver.o
                0x00003420                PINS_DRV_GetPortIntFlag
 .text.PINS_DRV_ClearPortIntFlagCmd
                0x00003426        0xa ./SDK/platform/drivers/src/pins/pins_driver.o
                0x00003426                PINS_DRV_ClearPortIntFlagCmd
 .text.PINS_DRV_SetPinsDirection
                0x00003430        0x4 ./SDK/platform/drivers/src/pins/pins_driver.o
                0x00003430                PINS_DRV_SetPinsDirection
 .text.PINS_DRV_SetPins
                0x00003434        0x4 ./SDK/platform/drivers/src/pins/pins_driver.o
                0x00003434                PINS_DRV_SetPins
 .text.PINS_DRV_ClearPins
                0x00003438        0x4 ./SDK/platform/drivers/src/pins/pins_driver.o
                0x00003438                PINS_DRV_ClearPins
 .text.PINS_DRV_TogglePins
                0x0000343c        0x4 ./SDK/platform/drivers/src/pins/pins_driver.o
                0x0000343c                PINS_DRV_TogglePins
 .text.PINS_DRV_ReadPins
                0x00003440        0x4 ./SDK/platform/drivers/src/pins/pins_driver.o
                0x00003440                PINS_DRV_ReadPins
 .text.PINS_Init
                0x00003444      0x12c ./SDK/platform/drivers/src/pins/pins_port_hw_access.o
                0x00003444                PINS_Init
 .text.SysTick_Handler
                0x00003570       0x10 ./SDK/rtos/osif/osif_baremetal.o
                0x00003570                SysTick_Handler
 .text.OSIF_TimeDelay
                0x00003580       0x64 ./SDK/rtos/osif/osif_baremetal.o
                0x00003580                OSIF_TimeDelay
 .text.OSIF_GetMilliseconds
                0x000035e4        0xc ./SDK/rtos/osif/osif_baremetal.o
                0x000035e4                OSIF_GetMilliseconds
 .text.OSIF_SemaPost
                0x000035f0       0x2c ./SDK/rtos/osif/osif_baremetal.o
                0x000035f0                OSIF_SemaPost
 .text.OSIF_SemaCreate
                0x0000361c       0x1c ./SDK/rtos/osif/osif_baremetal.o
                0x0000361c                OSIF_SemaCreate
 .text.OSIF_SemaDestroy
                0x00003638        0xc ./SDK/rtos/osif/osif_baremetal.o
                0x00003638                OSIF_SemaDestroy
 .text.SendCANData
                0x00003644       0x42 ./Sources/main.o
                0x00003644                SendCANData
 *fill*         0x00003686        0x2 
 .text.buttonISR
                0x00003688       0xdc ./Sources/main.o
                0x00003688                buttonISR
 .text.BoardInit
                0x00003764       0x2c ./Sources/main.o
                0x00003764                BoardInit
 .text.GPIOInit
                0x00003790       0x70 ./Sources/main.o
                0x00003790                GPIOInit
 .text.main     0x00003800       0x70 ./Sources/main.o
                0x00003800                main
 .text.memset   0x00003870       0x10 D:/NXP/S32DS_ARM_v2.2/S32DS/build_tools/gcc_v6.3/gcc-6.3-arm32-eabi/arm-none-eabi/newlib/lib/thumb/v6-m\libc_nano.a(lib_a-memset.o)
                0x00003870                memset
 *(.rodata)
 .rodata        0x00003880        0x4 ./Sources/main.o
 *(.rodata*)
 .rodata.canCom1_InitConfig0
                0x00003884       0x38 ./Generated_Code/canCom1.o
                0x00003884                canCom1_InitConfig0
 .rodata.CLOCK_SYS_GetSimClkOutFreq
                0x000038bc       0x3c ./SDK/platform/drivers/src/clock/S32K1xx/clock_S32K1xx.o
 .rodata.CLOCK_DRV_GetFreq
                0x000038f8       0x74 ./SDK/platform/drivers/src/clock/S32K1xx/clock_S32K1xx.o
 .rodata.clockNameMappings
                0x0000396c       0x8a ./SDK/platform/drivers/src/clock/S32K1xx/clock_S32K1xx.o
                0x0000396c                clockNameMappings
 *fill*         0x000039f6        0x2 
 .rodata.maxSysClksInRUN.6104
                0x000039f8       0x54 ./SDK/platform/drivers/src/clock/S32K1xx/clock_S32K1xx.o
 .rodata.maxSysClksInVLPR.6103
                0x00003a4c       0x54 ./SDK/platform/drivers/src/clock/S32K1xx/clock_S32K1xx.o
 .rodata.peripheralFeaturesList
                0x00003aa0       0x45 ./SDK/platform/drivers/src/clock/S32K1xx/clock_S32K1xx.o
                0x00003aa0                peripheralFeaturesList
 *fill*         0x00003ae5        0x3 
 .rodata.FTFC_IRQHandler
                0x00003ae8       0x1c ./SDK/platform/drivers/src/csec/csec_driver.o
 .rodata.FLEXCAN_ComputePayloadSize
                0x00003b04       0x1c ./SDK/platform/drivers/src/flexcan/flexcan_hw_access.o
 .rodata.FLEXCAN_SetOperationMode
                0x00003b20       0x14 ./SDK/platform/drivers/src/flexcan/flexcan_hw_access.o
 .rodata.payload_code.5939
                0x00003b34       0x41 ./SDK/platform/drivers/src/flexcan/flexcan_hw_access.o
 *(.init)
 *fill*         0x00003b75        0x3 
 .init          0x00003b78        0x4 d:/nxp/s32ds_arm_v2.2/s32ds/build_tools/gcc_v6.3/gcc-6.3-arm32-eabi/bin/../lib/gcc/arm-none-eabi/6.3.1/thumb/v6-m/crti.o
                0x00003b78                _init
 *(.fini)
 .fini          0x00003b7c        0x4 d:/nxp/s32ds_arm_v2.2/s32ds/build_tools/gcc_v6.3/gcc-6.3-arm32-eabi/bin/../lib/gcc/arm-none-eabi/6.3.1/thumb/v6-m/crti.o
                0x00003b7c                _fini
 *(.eh_frame)
                0x00003b80                . = ALIGN (0x4)

.glue_7         0x00003b80        0x0
 .glue_7        0x00003b80        0x0 linker stubs

.glue_7t        0x00003b80        0x0
 .glue_7t       0x00003b80        0x0 linker stubs

.vfp11_veneer   0x00003b80        0x0
 .vfp11_veneer  0x00003b80        0x0 linker stubs

.v4_bx          0x00003b80        0x0
 .v4_bx         0x00003b80        0x0 linker stubs

.iplt           0x00003b80        0x0
 .iplt          0x00003b80        0x0 d:/nxp/s32ds_arm_v2.2/s32ds/build_tools/gcc_v6.3/gcc-6.3-arm32-eabi/bin/../lib/gcc/arm-none-eabi/6.3.1/thumb/v6-m/crtbegin.o

.rel.dyn        0x00003b80        0x0
 .rel.iplt      0x00003b80        0x0 d:/nxp/s32ds_arm_v2.2/s32ds/build_tools/gcc_v6.3/gcc-6.3-arm32-eabi/bin/../lib/gcc/arm-none-eabi/6.3.1/thumb/v6-m/crtbegin.o

.ARM            0x00003b80        0x0
                0x00003b80                __exidx_start = .
 *(.ARM.exidx*)
                0x00003b80                __exidx_end = .
                0x00003b80                __etext = .
                0x00003b80                __DATA_ROM = .

.interrupts_ram
                0x20000000       0xc0
                0x20000000                . = ALIGN (0x4)
                0x20000000                __VECTOR_RAM__ = .
                0x20000000                __RAM_START = .
                0x20000000                __interrupts_ram_start__ = .
 *(.m_interrupts_ram)
                0x200000c0                . = (. + M_VECTOR_RAM_SIZE)
 *fill*         0x20000000       0xc0 
                0x200000c0                . = ALIGN (0x4)
                0x200000c0                __interrupts_ram_end__ = .
                0x20000000                __VECTOR_RAM = DEFINED (__flash_vector_table__)?ORIGIN (m_interrupts):__VECTOR_RAM__
                0x000000c0                __RAM_VECTOR_TABLE_SIZE = DEFINED (__flash_vector_table__)?0x0:(__interrupts_ram_end__ - __interrupts_ram_start__)

.data           0x200000c0      0x23c load address 0x00003b80
                0x200000c0                . = ALIGN (0x4)
                0x200000c0                __DATA_RAM = .
                0x200000c0                __data_start__ = .
 *(.data)
 *(.data*)
 .data.clockMan1_InitConfig0
                0x200000c0       0x78 ./Generated_Code/clockMan1.o
                0x200000c0                clockMan1_InitConfig0
 .data.g_clockManConfigsArr
                0x20000138        0x4 ./Generated_Code/clockMan1.o
                0x20000138                g_clockManConfigsArr
 .data.peripheralClockConfig0
                0x2000013c       0x2d ./Generated_Code/clockMan1.o
                0x2000013c                peripheralClockConfig0
 *fill*         0x20000169        0x3 
 .data.g_pin_mux_InitConfigArr
                0x2000016c      0x120 ./Generated_Code/pin_mux.o
                0x2000016c                g_pin_mux_InitConfigArr
 .data.peripheralClockConfig.5895
                0x2000028c       0x6e ./SDK/platform/drivers/src/clock/S32K1xx/clock_S32K1xx.o
                0x200002fc                . = ALIGN (0x4)
 *fill*         0x200002fa        0x2 
                0x200002fc                __data_end__ = .
                0x00003dbc                __DATA_END = (__DATA_ROM + (__data_end__ - __data_start__))
                0x00003dbc                __CODE_ROM = __DATA_END

.igot.plt       0x200002fc        0x0 load address 0x00003dbc
 .igot.plt      0x200002fc        0x0 d:/nxp/s32ds_arm_v2.2/s32ds/build_tools/gcc_v6.3/gcc-6.3-arm32-eabi/bin/../lib/gcc/arm-none-eabi/6.3.1/thumb/v6-m/crtbegin.o

.code           0x200002fc        0x0 load address 0x00003dbc
                0x200002fc                . = ALIGN (0x4)
                0x200002fc                __CODE_RAM = .
                0x200002fc                __code_start__ = .
                0x200002fc                __code_ram_start__ = .
 *(.code_ram)
                0x200002fc                . = ALIGN (0x4)
                0x200002fc                __code_end__ = .
                0x200002fc                __code_ram_end__ = .
                0x00003dbc                __CODE_END = (__CODE_ROM + (__code_end__ - __code_start__))
                0x00003dbc                __CUSTOM_ROM = __CODE_END

.customSectionBlock
                0x1ffffc00        0x0 load address 0x00003dbc
                0x1ffffc00                __customSectionStart = .
                0x1ffffc00                __customSection_start__ = .
 *(.customSection)
                0x1ffffc00                __customSection_end__ = .
                0x00003dbc                __CUSTOM_END = (__CUSTOM_ROM + (__customSection_end__ - __customSection_start__))
                0x00003dbc                __rom_end = __CUSTOM_END

.bss            0x200020c0      0x194
                0x200020c0                . = ALIGN (0x4)
                0x200020c0                __BSS_START = .
                0x200020c0                __bss_start__ = .
 *(.bss)
 *(.bss*)
 .bss.g_clockManCallbacksArr
                0x200020c0        0x4 ./Generated_Code/clockMan1.o
                0x200020c0                g_clockManCallbacksArr
 .bss.g_clockState
                0x200020c4       0x10 ./SDK/platform/drivers/src/clock/S32K1xx/clock_S32K1xx.o
 .bss.g_csecStatePtr
                0x200020d4        0x4 ./SDK/platform/drivers/src/csec/csec_driver.o
 .bss.s_virtEdmaState
                0x200020d8        0x4 ./SDK/platform/drivers/src/edma/edma_driver.o
 .bss.g_flexcanStatePtr
                0x200020dc        0x4 ./SDK/platform/drivers/src/flexcan/flexcan_driver.o
 .bss.g_interruptDisableCount
                0x200020e0        0x4 ./SDK/platform/drivers/src/interrupt/interrupt_manager.o
 .bss.s_osif_tick_cnt
                0x200020e4        0x4 ./SDK/rtos/osif/osif_baremetal.o
 .bss.ledRequested
                0x200020e8        0x1 ./Sources/main.o
                0x200020e8                ledRequested
 .bss.useEncryption
                0x200020e9        0x1 ./Sources/main.o
                0x200020e9                useEncryption
 *(COMMON)
 *fill*         0x200020ea        0x2 
 COMMON         0x200020ec      0x114 ./Generated_Code/canCom1.o
                0x200020ec                canCom1_State
 COMMON         0x20002200       0x40 ./Generated_Code/csec1.o
                0x20002200                csec1_State
 COMMON         0x20002240       0x14 ./SDK/platform/drivers/src/clock/S32K1xx/clock_S32K1xx.o
                0x20002240                g_xtal0ClkFreq
                0x20002244                g_RtcClkInFreq
                0x20002248                g_TClkFreq
                0x20002254                . = ALIGN (0x4)
                0x20002254                __bss_end__ = .
                0x20002254                __BSS_END = .

.heap           0x20002254      0x204
                0x20002258                . = ALIGN (0x8)
 *fill*         0x20002254        0x4 
                0x20002258                __end__ = .
                0x20002258                __heap_start__ = .
                [!provide]                PROVIDE (end, .)
                [!provide]                PROVIDE (_end, .)
                [!provide]                PROVIDE (__end, .)
                0x20002258                __HeapBase = .
                0x20002458                . = (. + HEAP_SIZE)
 *fill*         0x20002258      0x200 
                0x20002458                __HeapLimit = .
                0x20002458                __heap_limit = .
                0x20002458                __heap_end__ = .
                0x20003800                __StackTop = (ORIGIN (m_data_2) + LENGTH (m_data_2))
                0x20003600                __StackLimit = (__StackTop - STACK_SIZE)
                0x20003800                PROVIDE (__stack, __StackTop)
                0x20003800                __RAM_END = __StackTop

.stack          0x20003600      0x200
                0x20003600                . = ALIGN (0x8)
                0x20003600                __stack_start__ = .
                0x20003800                . = (. + STACK_SIZE)
 *fill*         0x20003600      0x200 
                0x20003800                __stack_end__ = .

.ARM.attributes
                0x00000000       0x28
 *(.ARM.attributes)
 .ARM.attributes
                0x00000000       0x1e d:/nxp/s32ds_arm_v2.2/s32ds/build_tools/gcc_v6.3/gcc-6.3-arm32-eabi/bin/../lib/gcc/arm-none-eabi/6.3.1/thumb/v6-m/crti.o
 .ARM.attributes
                0x0000001e       0x32 ./Generated_Code/canCom1.o
 .ARM.attributes
                0x00000050       0x32 ./Generated_Code/clockMan1.o
 .ARM.attributes
                0x00000082       0x32 ./Generated_Code/csec1.o
 .ARM.attributes
                0x000000b4       0x32 ./Generated_Code/pin_mux.o
 .ARM.attributes
                0x000000e6       0x1b ./Project_Settings/Startup_Code/startup_S32K116.o
 .ARM.attributes
                0x00000101       0x32 ./SDK/platform/devices/S32K116/startup/system_S32K116.o
 .ARM.attributes
                0x00000133       0x32 ./SDK/platform/devices/startup.o
 .ARM.attributes
                0x00000165       0x32 ./SDK/platform/drivers/src/clock/S32K1xx/clock_S32K1xx.o
 .ARM.attributes
                0x00000197       0x32 ./SDK/platform/drivers/src/csec/csec_driver.o
 .ARM.attributes
                0x000001c9       0x32 ./SDK/platform/drivers/src/csec/csec_hw_access.o
 .ARM.attributes
                0x000001fb       0x32 ./SDK/platform/drivers/src/edma/edma_driver.o
 .ARM.attributes
                0x0000022d       0x32 ./SDK/platform/drivers/src/edma/edma_hw_access.o
 .ARM.attributes
                0x0000025f       0x32 ./SDK/platform/drivers/src/edma/edma_irq.o
 .ARM.attributes
                0x00000291       0x32 ./SDK/platform/drivers/src/flexcan/flexcan_driver.o
 .ARM.attributes
                0x000002c3       0x32 ./SDK/platform/drivers/src/flexcan/flexcan_hw_access.o
 .ARM.attributes
                0x000002f5       0x32 ./SDK/platform/drivers/src/flexcan/flexcan_irq.o
 .ARM.attributes
                0x00000327       0x32 ./SDK/platform/drivers/src/interrupt/interrupt_manager.o
 .ARM.attributes
                0x00000359       0x32 ./SDK/platform/drivers/src/pins/pins_driver.o
 .ARM.attributes
                0x0000038b       0x32 ./SDK/platform/drivers/src/pins/pins_port_hw_access.o
 .ARM.attributes
                0x000003bd       0x32 ./SDK/rtos/osif/osif_baremetal.o
 .ARM.attributes
                0x000003ef       0x32 ./Sources/main.o
 .ARM.attributes
                0x00000421       0x1e d:/nxp/s32ds_arm_v2.2/s32ds/build_tools/gcc_v6.3/gcc-6.3-arm32-eabi/bin/../lib/gcc/arm-none-eabi/6.3.1/thumb/v6-m\libgcc.a(_udivsi3.o)
 .ARM.attributes
                0x0000043f       0x1e d:/nxp/s32ds_arm_v2.2/s32ds/build_tools/gcc_v6.3/gcc-6.3-arm32-eabi/bin/../lib/gcc/arm-none-eabi/6.3.1/thumb/v6-m\libgcc.a(_dvmd_tls.o)
 .ARM.attributes
                0x0000045d       0x2c D:/NXP/S32DS_ARM_v2.2/S32DS/build_tools/gcc_v6.3/gcc-6.3-arm32-eabi/arm-none-eabi/newlib/lib/thumb/v6-m\libc_nano.a(lib_a-memset.o)
                0x00000001                ASSERT ((__rom_end <= (ORIGIN (m_text) + LENGTH (m_text))), Region m_text overflowed!)
                0x00000001                ASSERT ((__StackLimit >= __HeapLimit), region m_data_2 overflowed with stack and heap)
OUTPUT(flexcan_encrypted_s32k116.elf elf32-littlearm)

.debug_info     0x00000000    0x2499f
 .debug_info    0x00000000     0x2670 ./Generated_Code/canCom1.o
 .debug_info    0x00002670     0x268c ./Generated_Code/clockMan1.o
 .debug_info    0x00004cfc     0x2663 ./Generated_Code/csec1.o
 .debug_info    0x0000735f      0x404 ./Generated_Code/pin_mux.o
 .debug_info    0x00007763       0x26 ./Project_Settings/Startup_Code/startup_S32K116.o
 .debug_info    0x00007789      0x3f3 ./SDK/platform/devices/S32K116/startup/system_S32K116.o
 .debug_info    0x00007b7c      0x295 ./SDK/platform/devices/startup.o
 .debug_info    0x00007e11     0x5656 ./SDK/platform/drivers/src/clock/S32K1xx/clock_S32K1xx.o
 .debug_info    0x0000d467     0x3bfc ./SDK/platform/drivers/src/csec/csec_driver.o
 .debug_info    0x00011063      0xed7 ./SDK/platform/drivers/src/csec/csec_hw_access.o
 .debug_info    0x00011f3a     0x468d ./SDK/platform/drivers/src/edma/edma_driver.o
 .debug_info    0x000165c7      0xa51 ./SDK/platform/drivers/src/edma/edma_hw_access.o
 .debug_info    0x00017018      0x515 ./SDK/platform/drivers/src/edma/edma_irq.o
 .debug_info    0x0001752d     0x54dc ./SDK/platform/drivers/src/flexcan/flexcan_driver.o
 .debug_info    0x0001ca09     0x1ffc ./SDK/platform/drivers/src/flexcan/flexcan_hw_access.o
 .debug_info    0x0001ea05       0xc8 ./SDK/platform/drivers/src/flexcan/flexcan_irq.o
 .debug_info    0x0001eacd      0xa76 ./SDK/platform/drivers/src/interrupt/interrupt_manager.o
 .debug_info    0x0001f543     0x13f0 ./SDK/platform/drivers/src/pins/pins_driver.o
 .debug_info    0x00020933      0x72c ./SDK/platform/drivers/src/pins/pins_port_hw_access.o
 .debug_info    0x0002105f      0xb51 ./SDK/rtos/osif/osif_baremetal.o
 .debug_info    0x00021bb0     0x2def ./Sources/main.o

.debug_abbrev   0x00000000     0x319c
 .debug_abbrev  0x00000000      0x1ae ./Generated_Code/canCom1.o
 .debug_abbrev  0x000001ae      0x1bb ./Generated_Code/clockMan1.o
 .debug_abbrev  0x00000369      0x1ae ./Generated_Code/csec1.o
 .debug_abbrev  0x00000517       0xcd ./Generated_Code/pin_mux.o
 .debug_abbrev  0x000005e4       0x14 ./Project_Settings/Startup_Code/startup_S32K116.o
 .debug_abbrev  0x000005f8      0x14c ./SDK/platform/devices/S32K116/startup/system_S32K116.o
 .debug_abbrev  0x00000744       0xe1 ./SDK/platform/devices/startup.o
 .debug_abbrev  0x00000825      0x423 ./SDK/platform/drivers/src/clock/S32K1xx/clock_S32K1xx.o
 .debug_abbrev  0x00000c48      0x495 ./SDK/platform/drivers/src/csec/csec_driver.o
 .debug_abbrev  0x000010dd      0x268 ./SDK/platform/drivers/src/csec/csec_hw_access.o
 .debug_abbrev  0x00001345      0x437 ./SDK/platform/drivers/src/edma/edma_driver.o
 .debug_abbrev  0x0000177c      0x240 ./SDK/platform/drivers/src/edma/edma_hw_access.o
 .debug_abbrev  0x000019bc      0x1aa ./SDK/platform/drivers/src/edma/edma_irq.o
 .debug_abbrev  0x00001b66      0x488 ./SDK/platform/drivers/src/flexcan/flexcan_driver.o
 .debug_abbrev  0x00001fee      0x403 ./SDK/platform/drivers/src/flexcan/flexcan_hw_access.o
 .debug_abbrev  0x000023f1       0x6d ./SDK/platform/drivers/src/flexcan/flexcan_irq.o
 .debug_abbrev  0x0000245e      0x269 ./SDK/platform/drivers/src/interrupt/interrupt_manager.o
 .debug_abbrev  0x000026c7      0x2fc ./SDK/platform/drivers/src/pins/pins_driver.o
 .debug_abbrev  0x000029c3      0x1f1 ./SDK/platform/drivers/src/pins/pins_port_hw_access.o
 .debug_abbrev  0x00002bb4      0x315 ./SDK/rtos/osif/osif_baremetal.o
 .debug_abbrev  0x00002ec9      0x2d3 ./Sources/main.o

.debug_aranges  0x00000000      0xa68
 .debug_aranges
                0x00000000       0x18 ./Generated_Code/canCom1.o
 .debug_aranges
                0x00000018       0x18 ./Generated_Code/clockMan1.o
 .debug_aranges
                0x00000030       0x18 ./Generated_Code/csec1.o
 .debug_aranges
                0x00000048       0x18 ./Generated_Code/pin_mux.o
 .debug_aranges
                0x00000060       0x20 ./Project_Settings/Startup_Code/startup_S32K116.o
 .debug_aranges
                0x00000080       0x30 ./SDK/platform/devices/S32K116/startup/system_S32K116.o
 .debug_aranges
                0x000000b0       0x20 ./SDK/platform/devices/startup.o
 .debug_aranges
                0x000000d0      0x110 ./SDK/platform/drivers/src/clock/S32K1xx/clock_S32K1xx.o
 .debug_aranges
                0x000001e0      0x170 ./SDK/platform/drivers/src/csec/csec_driver.o
 .debug_aranges
                0x00000350       0x50 ./SDK/platform/drivers/src/csec/csec_hw_access.o
 .debug_aranges
                0x000003a0      0x140 ./SDK/platform/drivers/src/edma/edma_driver.o
 .debug_aranges
                0x000004e0       0x88 ./SDK/platform/drivers/src/edma/edma_hw_access.o
 .debug_aranges
                0x00000568       0x40 ./SDK/platform/drivers/src/edma/edma_irq.o
 .debug_aranges
                0x000005a8      0x190 ./SDK/platform/drivers/src/flexcan/flexcan_driver.o
 .debug_aranges
                0x00000738       0xe8 ./SDK/platform/drivers/src/flexcan/flexcan_hw_access.o
 .debug_aranges
                0x00000820       0x28 ./SDK/platform/drivers/src/flexcan/flexcan_irq.o
 .debug_aranges
                0x00000848       0x68 ./SDK/platform/drivers/src/interrupt/interrupt_manager.o
 .debug_aranges
                0x000008b0       0xd0 ./SDK/platform/drivers/src/pins/pins_driver.o
 .debug_aranges
                0x00000980       0x38 ./SDK/platform/drivers/src/pins/pins_port_hw_access.o
 .debug_aranges
                0x000009b8       0x70 ./SDK/rtos/osif/osif_baremetal.o
 .debug_aranges
                0x00000a28       0x40 ./Sources/main.o

.debug_macro    0x00000000     0xe85b
 .debug_macro   0x00000000      0x242 ./Generated_Code/canCom1.o
 .debug_macro   0x00000242     0xc7e8 ./Generated_Code/canCom1.o
 .debug_macro   0x0000ca2a       0x10 ./Generated_Code/canCom1.o
 .debug_macro   0x0000ca3a       0x10 ./Generated_Code/canCom1.o
 .debug_macro   0x0000ca4a      0x23e ./Generated_Code/clockMan1.o
 .debug_macro   0x0000cc88      0x244 ./Generated_Code/csec1.o
 .debug_macro   0x0000cecc       0xdc ./Generated_Code/pin_mux.o
 .debug_macro   0x0000cfa8       0xb5 ./SDK/platform/devices/S32K116/startup/system_S32K116.o
 .debug_macro   0x0000d05d       0xb6 ./SDK/platform/devices/startup.o
 .debug_macro   0x0000d113       0x40 ./SDK/platform/devices/startup.o
 .debug_macro   0x0000d153      0x284 ./SDK/platform/drivers/src/clock/S32K1xx/clock_S32K1xx.o
 .debug_macro   0x0000d3d7      0x1e1 ./SDK/platform/drivers/src/csec/csec_driver.o
 .debug_macro   0x0000d5b8      0x10e ./SDK/platform/drivers/src/csec/csec_driver.o
 .debug_macro   0x0000d6c6       0x86 ./SDK/platform/drivers/src/csec/csec_driver.o
 .debug_macro   0x0000d74c       0x64 ./SDK/platform/drivers/src/csec/csec_driver.o
 .debug_macro   0x0000d7b0      0x19c ./SDK/platform/drivers/src/csec/csec_hw_access.o
 .debug_macro   0x0000d94c       0xf7 ./SDK/platform/drivers/src/edma/edma_driver.o
 .debug_macro   0x0000da43       0xcc ./SDK/platform/drivers/src/edma/edma_hw_access.o
 .debug_macro   0x0000db0f       0xd0 ./SDK/platform/drivers/src/edma/edma_irq.o
 .debug_macro   0x0000dbdf      0x19b ./SDK/platform/drivers/src/flexcan/flexcan_driver.o
 .debug_macro   0x0000dd7a       0x4c ./SDK/platform/drivers/src/flexcan/flexcan_driver.o
 .debug_macro   0x0000ddc6       0x55 ./SDK/platform/drivers/src/flexcan/flexcan_driver.o
 .debug_macro   0x0000de1b       0x16 ./SDK/platform/drivers/src/flexcan/flexcan_driver.o
 .debug_macro   0x0000de31       0x57 ./SDK/platform/drivers/src/flexcan/flexcan_driver.o
 .debug_macro   0x0000de88      0x186 ./SDK/platform/drivers/src/flexcan/flexcan_driver.o
 .debug_macro   0x0000e00e      0x165 ./SDK/platform/drivers/src/flexcan/flexcan_hw_access.o
 .debug_macro   0x0000e173       0xb6 ./SDK/platform/drivers/src/flexcan/flexcan_irq.o
 .debug_macro   0x0000e229       0xc9 ./SDK/platform/drivers/src/interrupt/interrupt_manager.o
 .debug_macro   0x0000e2f2       0xdd ./SDK/platform/drivers/src/pins/pins_driver.o
 .debug_macro   0x0000e3cf       0xdd ./SDK/platform/drivers/src/pins/pins_port_hw_access.o
 .debug_macro   0x0000e4ac       0xfb ./SDK/rtos/osif/osif_baremetal.o
 .debug_macro   0x0000e5a7      0x2b4 ./Sources/main.o

.debug_line     0x00000000     0xa981
 .debug_line    0x00000000      0x67e ./Generated_Code/canCom1.o
 .debug_line    0x0000067e      0x680 ./Generated_Code/clockMan1.o
 .debug_line    0x00000cfe      0x67c ./Generated_Code/csec1.o
 .debug_line    0x0000137a      0x41b ./Generated_Code/pin_mux.o
 .debug_line    0x00001795       0xd4 ./Project_Settings/Startup_Code/startup_S32K116.o
 .debug_line    0x00001869      0x448 ./SDK/platform/devices/S32K116/startup/system_S32K116.o
 .debug_line    0x00001cb1      0x3cd ./SDK/platform/devices/startup.o
 .debug_line    0x0000207e     0x131a ./SDK/platform/drivers/src/clock/S32K1xx/clock_S32K1xx.o
 .debug_line    0x00003398     0x10c1 ./SDK/platform/drivers/src/csec/csec_driver.o
 .debug_line    0x00004459      0x60c ./SDK/platform/drivers/src/csec/csec_hw_access.o
 .debug_line    0x00004a65     0x1131 ./SDK/platform/drivers/src/edma/edma_driver.o
 .debug_line    0x00005b96      0x652 ./SDK/platform/drivers/src/edma/edma_hw_access.o
 .debug_line    0x000061e8      0x4e5 ./SDK/platform/drivers/src/edma/edma_irq.o
 .debug_line    0x000066cd     0x1212 ./SDK/platform/drivers/src/flexcan/flexcan_driver.o
 .debug_line    0x000078df      0xb7b ./SDK/platform/drivers/src/flexcan/flexcan_hw_access.o
 .debug_line    0x0000845a      0x412 ./SDK/platform/drivers/src/flexcan/flexcan_irq.o
 .debug_line    0x0000886c      0x649 ./SDK/platform/drivers/src/interrupt/interrupt_manager.o
 .debug_line    0x00008eb5      0x763 ./SDK/platform/drivers/src/pins/pins_driver.o
 .debug_line    0x00009618      0x5a2 ./SDK/platform/drivers/src/pins/pins_port_hw_access.o
 .debug_line    0x00009bba      0x65e ./SDK/rtos/osif/osif_baremetal.o
 .debug_line    0x0000a218      0x769 ./Sources/main.o

.debug_str      0x00000000    0x65860
 .debug_str     0x00000000    0x5e21a ./Generated_Code/canCom1.o
                              0x5e593 (size before relaxing)
 .debug_str     0x0005e21a       0x1e ./Generated_Code/clockMan1.o
                              0x5e595 (size before relaxing)
 .debug_str     0x0005e238       0x1a ./Generated_Code/csec1.o
                              0x5e591 (size before relaxing)
 .debug_str     0x0005e252       0x1c ./Generated_Code/pin_mux.o
                              0x58382 (size before relaxing)
 .debug_str     0x0005e26e       0x81 ./Project_Settings/Startup_Code/startup_S32K116.o
                                 0xc5 (size before relaxing)
 .debug_str     0x0005e2ef      0x19e ./SDK/platform/devices/S32K116/startup/system_S32K116.o
                              0x57ea2 (size before relaxing)
 .debug_str     0x0005e48d      0x39e ./SDK/platform/devices/startup.o
                              0x58090 (size before relaxing)
 .debug_str     0x0005e82b     0x1f6c ./SDK/platform/drivers/src/clock/S32K1xx/clock_S32K1xx.o
                              0x5bc9a (size before relaxing)
 .debug_str     0x00060797      0xcc1 ./SDK/platform/drivers/src/csec/csec_driver.o
                              0x5cba0 (size before relaxing)
 .debug_str     0x00061458       0x8f ./SDK/platform/drivers/src/csec/csec_hw_access.o
                              0x5b971 (size before relaxing)
 .debug_str     0x000614e7     0x1261 ./SDK/platform/drivers/src/edma/edma_driver.o
                              0x5a7a3 (size before relaxing)
 .debug_str     0x00062748       0x7d ./SDK/platform/drivers/src/edma/edma_hw_access.o
                              0x585c1 (size before relaxing)
 .debug_str     0x000627c5       0xd3 ./SDK/platform/drivers/src/edma/edma_irq.o
                              0x58234 (size before relaxing)
 .debug_str     0x00062898     0x1e35 ./SDK/platform/drivers/src/flexcan/flexcan_driver.o
                              0x5bb85 (size before relaxing)
 .debug_str     0x000646cd      0x542 ./SDK/platform/drivers/src/flexcan/flexcan_hw_access.o
                              0x5a4cb (size before relaxing)
 .debug_str     0x00064c0f       0xa6 ./SDK/platform/drivers/src/flexcan/flexcan_irq.o
                              0x57ce4 (size before relaxing)
 .debug_str     0x00064cb5      0x1c2 ./SDK/platform/drivers/src/interrupt/interrupt_manager.o
                              0x58421 (size before relaxing)
 .debug_str     0x00064e77      0x5c9 ./SDK/platform/drivers/src/pins/pins_driver.o
                              0x5915e (size before relaxing)
 .debug_str     0x00065440       0x8f ./SDK/platform/drivers/src/pins/pins_port_hw_access.o
                              0x584cd (size before relaxing)
 .debug_str     0x000654cf      0x1bf ./SDK/rtos/osif/osif_baremetal.o
                              0x58f8e (size before relaxing)
 .debug_str     0x0006568e      0x1d2 ./Sources/main.o
                              0x5eba4 (size before relaxing)

.comment        0x00000000       0xa0
 .comment       0x00000000       0xa0 ./Generated_Code/canCom1.o
                                 0xa1 (size before relaxing)
 .comment       0x000000a0       0xa1 ./Generated_Code/clockMan1.o
 .comment       0x000000a0       0xa1 ./Generated_Code/csec1.o
 .comment       0x000000a0       0xa1 ./Generated_Code/pin_mux.o
 .comment       0x000000a0       0xa1 ./SDK/platform/devices/S32K116/startup/system_S32K116.o
 .comment       0x000000a0       0xa1 ./SDK/platform/devices/startup.o
 .comment       0x000000a0       0xa1 ./SDK/platform/drivers/src/clock/S32K1xx/clock_S32K1xx.o
 .comment       0x000000a0       0xa1 ./SDK/platform/drivers/src/csec/csec_driver.o
 .comment       0x000000a0       0xa1 ./SDK/platform/drivers/src/csec/csec_hw_access.o
 .comment       0x000000a0       0xa1 ./SDK/platform/drivers/src/edma/edma_driver.o
 .comment       0x000000a0       0xa1 ./SDK/platform/drivers/src/edma/edma_hw_access.o
 .comment       0x000000a0       0xa1 ./SDK/platform/drivers/src/edma/edma_irq.o
 .comment       0x000000a0       0xa1 ./SDK/platform/drivers/src/flexcan/flexcan_driver.o
 .comment       0x000000a0       0xa1 ./SDK/platform/drivers/src/flexcan/flexcan_hw_access.o
 .comment       0x000000a0       0xa1 ./SDK/platform/drivers/src/flexcan/flexcan_irq.o
 .comment       0x000000a0       0xa1 ./SDK/platform/drivers/src/interrupt/interrupt_manager.o
 .comment       0x000000a0       0xa1 ./SDK/platform/drivers/src/pins/pins_driver.o
 .comment       0x000000a0       0xa1 ./SDK/platform/drivers/src/pins/pins_port_hw_access.o
 .comment       0x000000a0       0xa1 ./SDK/rtos/osif/osif_baremetal.o
 .comment       0x000000a0       0xa1 ./Sources/main.o

.debug_loc      0x00000000    0x11782
 .debug_loc     0x00000000       0xc0 ./SDK/platform/devices/S32K116/startup/system_S32K116.o
 .debug_loc     0x000000c0       0x32 ./SDK/platform/devices/startup.o
 .debug_loc     0x000000f2     0x4133 ./SDK/platform/drivers/src/clock/S32K1xx/clock_S32K1xx.o
 .debug_loc     0x00004225     0x24ed ./SDK/platform/drivers/src/csec/csec_driver.o
 .debug_loc     0x00006712      0x59d ./SDK/platform/drivers/src/csec/csec_hw_access.o
 .debug_loc     0x00006caf     0x3213 ./SDK/platform/drivers/src/edma/edma_driver.o
 .debug_loc     0x00009ec2      0x894 ./SDK/platform/drivers/src/edma/edma_hw_access.o
 .debug_loc     0x0000a756       0x63 ./SDK/platform/drivers/src/edma/edma_irq.o
 .debug_loc     0x0000a7b9     0x36d1 ./SDK/platform/drivers/src/flexcan/flexcan_driver.o
 .debug_loc     0x0000de8a     0x2011 ./SDK/platform/drivers/src/flexcan/flexcan_hw_access.o
 .debug_loc     0x0000fe9b      0x677 ./SDK/platform/drivers/src/interrupt/interrupt_manager.o
 .debug_loc     0x00010512      0x9d7 ./SDK/platform/drivers/src/pins/pins_driver.o
 .debug_loc     0x00010ee9      0x395 ./SDK/platform/drivers/src/pins/pins_port_hw_access.o
 .debug_loc     0x0001127e      0x38b ./SDK/rtos/osif/osif_baremetal.o
 .debug_loc     0x00011609      0x179 ./Sources/main.o

.debug_ranges   0x00000000     0x1028
 .debug_ranges  0x00000000       0x20 ./SDK/platform/devices/S32K116/startup/system_S32K116.o
 .debug_ranges  0x00000020       0x10 ./SDK/platform/devices/startup.o
 .debug_ranges  0x00000030      0x368 ./SDK/platform/drivers/src/clock/S32K1xx/clock_S32K1xx.o
 .debug_ranges  0x00000398      0x300 ./SDK/platform/drivers/src/csec/csec_driver.o
 .debug_ranges  0x00000698       0x88 ./SDK/platform/drivers/src/csec/csec_hw_access.o
 .debug_ranges  0x00000720      0x1a8 ./SDK/platform/drivers/src/edma/edma_driver.o
 .debug_ranges  0x000008c8       0x90 ./SDK/platform/drivers/src/edma/edma_hw_access.o
 .debug_ranges  0x00000958       0x30 ./SDK/platform/drivers/src/edma/edma_irq.o
 .debug_ranges  0x00000988      0x2e8 ./SDK/platform/drivers/src/flexcan/flexcan_driver.o
 .debug_ranges  0x00000c70      0x150 ./SDK/platform/drivers/src/flexcan/flexcan_hw_access.o
 .debug_ranges  0x00000dc0       0x18 ./SDK/platform/drivers/src/flexcan/flexcan_irq.o
 .debug_ranges  0x00000dd8       0x88 ./SDK/platform/drivers/src/interrupt/interrupt_manager.o
 .debug_ranges  0x00000e60       0xd8 ./SDK/platform/drivers/src/pins/pins_driver.o
 .debug_ranges  0x00000f38       0x28 ./SDK/platform/drivers/src/pins/pins_port_hw_access.o
 .debug_ranges  0x00000f60       0x98 ./SDK/rtos/osif/osif_baremetal.o
 .debug_ranges  0x00000ff8       0x30 ./Sources/main.o

.debug_frame    0x00000000     0x1b1c
 .debug_frame   0x00000000       0x48 ./SDK/platform/devices/S32K116/startup/system_S32K116.o
 .debug_frame   0x00000048       0x2c ./SDK/platform/devices/startup.o
 .debug_frame   0x00000074      0x31c ./SDK/platform/drivers/src/clock/S32K1xx/clock_S32K1xx.o
 .debug_frame   0x00000390      0x4ac ./SDK/platform/drivers/src/csec/csec_driver.o
 .debug_frame   0x0000083c       0xb4 ./SDK/platform/drivers/src/csec/csec_hw_access.o
 .debug_frame   0x000008f0      0x384 ./SDK/platform/drivers/src/edma/edma_driver.o
 .debug_frame   0x00000c74      0x138 ./SDK/platform/drivers/src/edma/edma_hw_access.o
 .debug_frame   0x00000dac       0x8c ./SDK/platform/drivers/src/edma/edma_irq.o
 .debug_frame   0x00000e38      0x510 ./SDK/platform/drivers/src/flexcan/flexcan_driver.o
 .debug_frame   0x00001348      0x2ac ./SDK/platform/drivers/src/flexcan/flexcan_hw_access.o
 .debug_frame   0x000015f4       0x40 ./SDK/platform/drivers/src/flexcan/flexcan_irq.o
 .debug_frame   0x00001634       0xc8 ./SDK/platform/drivers/src/interrupt/interrupt_manager.o
 .debug_frame   0x000016fc      0x1dc ./SDK/platform/drivers/src/pins/pins_driver.o
 .debug_frame   0x000018d8       0x74 ./SDK/platform/drivers/src/pins/pins_port_hw_access.o
 .debug_frame   0x0000194c       0xf4 ./SDK/rtos/osif/osif_baremetal.o
 .debug_frame   0x00001a40       0x9c ./Sources/main.o
 .debug_frame   0x00001adc       0x20 d:/nxp/s32ds_arm_v2.2/s32ds/build_tools/gcc_v6.3/gcc-6.3-arm32-eabi/bin/../lib/gcc/arm-none-eabi/6.3.1/thumb/v6-m\libgcc.a(_udivsi3.o)
 .debug_frame   0x00001afc       0x20 D:/NXP/S32DS_ARM_v2.2/S32DS/build_tools/gcc_v6.3/gcc-6.3-arm32-eabi/arm-none-eabi/newlib/lib/thumb/v6-m\libc_nano.a(lib_a-memset.o)
